// Jest Snapshot v1, https://goo.gl/fbAQLP

exports[`Button Component should match the snapshot 1`] = `
<View
  accessibilityState={
    {
      "busy": undefined,
      "checked": undefined,
      "disabled": undefined,
      "expanded": undefined,
      "selected": undefined,
    }
  }
  accessibilityValue={
    {
      "max": undefined,
      "min": undefined,
      "now": undefined,
      "text": undefined,
    }
  }
  accessible={true}
  collapsable={false}
  focusable={true}
  onClick={[Function]}
  onResponderGrant={[Function]}
  onResponderMove={[Function]}
  onResponderRelease={[Function]}
  onResponderTerminate={[Function]}
  onResponderTerminationRequest={[Function]}
  onStartShouldSetResponder={[Function]}
  style={
    {
      "backgroundColor": "#EE0F55",
      "borderRadius": 5,
      "marginTop": 20,
      "opacity": 1,
      "padding": 20,
      "width": "100%",
    }
  }
>
  <Text
    style={
      {
        "color": "#FFFFFF",
        "fontFamily": "Poppins",
        "fontSize": 20,
        "textAlign": "center",
      }
    }
  >
    Label
  </Text>
</View>
`;
